// Jest Snapshot v1, https://goo.gl/fbAQLP

exports[`toggle renders colours based on type 1`] = `"<hs-toggle type=\\"success\\" class=\\"hydrated\\"><label class=\\"hs-toggle hs-toggle--success\\"><input type=\\"checkbox\\" aria-checked=\\"false\\"><div class=\\"hs-toggle__track\\"><div class=\\"hs-toggle__handle\\"></div></div>default</label></hs-toggle>"`;

exports[`toggle renders renders correctly with no props 1`] = `"<hs-toggle class=\\"hydrated\\"><label class=\\"hs-toggle\\"><input type=\\"checkbox\\" aria-checked=\\"false\\"><div class=\\"hs-toggle__track\\"><div class=\\"hs-toggle__handle\\"></div></div>default</label></hs-toggle>"`;

exports[`toggle renders should be toggle on when prop is present 1`] = `"<hs-toggle toggled=\\"\\" type=\\"success\\" class=\\"hydrated\\"><label class=\\"hs-toggle hs-toggle--success\\"><input type=\\"checkbox\\" aria-checked=\\"true\\"><div class=\\"hs-toggle__track\\"><div class=\\"hs-toggle__handle\\"></div></div>default</label></hs-toggle>"`;
