// Jest Snapshot v1, https://goo.gl/fbAQLP

exports[`panel renders correctly with height set 1`] = `"<hs-panel height=\\"350\\" class=\\"hydrated\\"><div class=\\"hs-panel-container\\" style=\\"height: 350px;\\"><div class=\\"hs-panel\\">default</div></div></hs-panel>"`;

exports[`panel renders correctly with no props 1`] = `"<hs-panel class=\\"hydrated\\"><div class=\\"hs-panel-container\\" style=\\"height: 0px;\\"><div class=\\"hs-panel\\">default</div></div></hs-panel>"`;
