// Jest Snapshot v1, https://goo.gl/fbAQLP

exports[`breadcrumbs renders linked crumb 1`] = `"<hs-breadcrumbs class=\\"hydrated\\"><nav><ol class=\\"hs-breadcrumbs\\"><hs-breadcrumb href=\\"home.html\\" class=\\"hydrated\\"><li class=\\"hs-breadcrumbs__crumb\\"><a class=\\"hs-link\\" href=\\"home.html\\">Home</a></li></hs-breadcrumb><hs-breadcrumb href=\\"another-page.html\\" class=\\"hydrated\\"><li class=\\"hs-breadcrumbs__crumb\\"><a class=\\"hs-link\\" href=\\"another-page.html\\">Another page</a></li></hs-breadcrumb><hs-breadcrumb class=\\"hydrated\\"><li class=\\"hs-breadcrumbs__crumb\\">Sub-section</li></hs-breadcrumb></ol></nav></hs-breadcrumbs>"`;

exports[`breadcrumbs renders nothing is rendered with no crumbs 1`] = `"<hs-breadcrumbs class=\\"hydrated\\"><nav><ol class=\\"hs-breadcrumbs\\"></ol></nav></hs-breadcrumbs>"`;

exports[`breadcrumbs renders one crumb 1`] = `"<hs-breadcrumbs class=\\"hydrated\\"><nav><ol class=\\"hs-breadcrumbs\\"><hs-breadcrumb class=\\"hydrated\\"><li class=\\"hs-breadcrumbs__crumb\\">Home</li></hs-breadcrumb></ol></nav></hs-breadcrumbs>"`;

exports[`breadcrumbs renders two crumbs with a separator 1`] = `"<hs-breadcrumbs class=\\"hydrated\\"><nav><ol class=\\"hs-breadcrumbs\\"><hs-breadcrumb class=\\"hydrated\\"><li class=\\"hs-breadcrumbs__crumb\\">Home</li></hs-breadcrumb><hs-breadcrumb class=\\"hydrated\\"><li class=\\"hs-breadcrumbs__crumb\\">Sub-section</li></hs-breadcrumb></ol></nav></hs-breadcrumbs>"`;
