// Jest Snapshot v1, https://goo.gl/fbAQLP

exports[`demo renders renders a badge component and a code area 1`] = `"<hs-demo language=\\"html\\" code=\\"<hs-badge type=&quot;success&quot;>YO!</hs-badge>\\" class=\\"hydrated\\"><div aria-label=\\"Demo component\\" class=\\"demo-markup-source u-letter-box-small undefined\\"><hs-badge type=\\"success\\" class=\\"hydrated\\"><span class=\\"hs-badge hs-badge--success\\">YO!</span></hs-badge></div><div class=\\"u-letter-box-small\\"><pre class=\\"u-pre\\"><code aria-hidden=\\"\\" tabindex=\\"-1\\" class=\\"u-code u-code--multiline html\\" contenteditable=\\"\\">&lt;hs-badge type=\\"success\\"&gt;YO!&lt;/hs-badge&gt;</code></pre></div></hs-demo>"`;

exports[`demo renders renders correctly with no props 1`] = `"<hs-demo class=\\"hydrated\\"><div aria-label=\\"Demo component\\" class=\\"demo-markup-source u-letter-box-small undefined\\"></div><div class=\\"u-letter-box-small\\"><pre class=\\"u-pre\\"><code aria-hidden=\\"\\" tabindex=\\"-1\\" class=\\"u-code u-code--multiline\\" contenteditable=\\"\\"></code></pre></div></hs-demo>"`;
